[2024-03-15T06:02:05.214+0000][0.014s] Using G1
[2024-03-15T06:02:05.295+0000][0.096s] Version: 17.0.10+7 (release)
[2024-03-15T06:02:05.296+0000][0.096s] CPUs: 12 total, 12 available
[2024-03-15T06:02:05.296+0000][0.097s] Memory: 7875M
[2024-03-15T06:02:05.297+0000][0.097s] Large Page Support: Disabled
[2024-03-15T06:02:05.297+0000][0.098s] NUMA Support: Disabled
[2024-03-15T06:02:05.298+0000][0.098s] Compressed Oops: Enabled (32-bit)
[2024-03-15T06:02:05.298+0000][0.098s] Heap Region Size: 1M
[2024-03-15T06:02:05.298+0000][0.099s] Heap Min Capacity: 512M
[2024-03-15T06:02:05.298+0000][0.099s] Heap Initial Capacity: 512M
[2024-03-15T06:02:05.300+0000][0.100s] Heap Max Capacity: 512M
[2024-03-15T06:02:05.300+0000][0.100s] Pre-touch: Enabled
[2024-03-15T06:02:05.300+0000][0.101s] Parallel Workers: 10
[2024-03-15T06:02:05.301+0000][0.101s] Concurrent Workers: 3
[2024-03-15T06:02:05.301+0000][0.101s] Concurrent Refinement Workers: 10
[2024-03-15T06:02:05.301+0000][0.102s] Periodic GC: Disabled
[2024-03-15T06:02:05.306+0000][0.107s] CDS archive(s) mapped at: [0x00007f352b000000-0x00007f352ba5f000-0x00007f352ba5f000), size 10874880, SharedBaseAddress: 0x00007f352b000000, ArchiveRelocationMode: 1.
[2024-03-15T06:02:05.307+0000][0.107s] Compressed class space mapped at: 0x00007f352c000000-0x00007f356c000000, reserved size: 1073741824
[2024-03-15T06:02:05.308+0000][0.108s] Narrow klass base: 0x00007f352b000000, Narrow klass shift: 0, Narrow klass range: 0x100000000
[2024-03-15T06:02:06.050+0000][0.850s] GC(0) Pause Young (Normal) (G1 Evacuation Pause)
[2024-03-15T06:02:06.050+0000][0.850s] GC(0) Using 10 workers of 10 for evacuation
[2024-03-15T06:02:06.055+0000][0.855s] GC(0)   Pre Evacuate Collection Set: 0.3ms
[2024-03-15T06:02:06.056+0000][0.856s] GC(0)   Merge Heap Roots: 0.2ms
[2024-03-15T06:02:06.056+0000][0.856s] GC(0)   Evacuate Collection Set: 2.9ms
[2024-03-15T06:02:06.056+0000][0.857s] GC(0)   Post Evacuate Collection Set: 1.2ms
[2024-03-15T06:02:06.056+0000][0.857s] GC(0)   Other: 0.7ms
[2024-03-15T06:02:06.057+0000][0.857s] GC(0) Eden regions: 29->0(57)
[2024-03-15T06:02:06.057+0000][0.857s] GC(0) Survivor regions: 0->4(4)
[2024-03-15T06:02:06.057+0000][0.858s] GC(0) Old regions: 0->1
[2024-03-15T06:02:06.057+0000][0.858s] GC(0) Archive regions: 2->2
[2024-03-15T06:02:06.058+0000][0.858s] GC(0) Humongous regions: 0->0
[2024-03-15T06:02:06.058+0000][0.858s] GC(0) Metaspace: 9914K(10240K)->9914K(10240K) NonClass: 8679K(8832K)->8679K(8832K) Class: 1235K(1408K)->1235K(1408K)
[2024-03-15T06:02:06.058+0000][0.859s] GC(0) Pause Young (Normal) (G1 Evacuation Pause) 29M->5M(512M) 8.561ms
[2024-03-15T06:02:06.058+0000][0.859s] GC(0) User=0.04s Sys=0.01s Real=0.01s
[2024-03-15T06:02:07.198+0000][1.998s] GC(1) Pause Young (Normal) (G1 Evacuation Pause)
[2024-03-15T06:02:07.198+0000][1.999s] GC(1) Using 10 workers of 10 for evacuation
[2024-03-15T06:02:07.207+0000][2.008s] GC(1)   Pre Evacuate Collection Set: 0.3ms
[2024-03-15T06:02:07.208+0000][2.008s] GC(1)   Merge Heap Roots: 0.2ms
[2024-03-15T06:02:07.208+0000][2.008s] GC(1)   Evacuate Collection Set: 7.1ms
[2024-03-15T06:02:07.208+0000][2.009s] GC(1)   Post Evacuate Collection Set: 1.0ms
[2024-03-15T06:02:07.209+0000][2.009s] GC(1)   Other: 0.8ms
[2024-03-15T06:02:07.209+0000][2.009s] GC(1) Eden regions: 57->0(67)
[2024-03-15T06:02:07.209+0000][2.009s] GC(1) Survivor regions: 4->8(8)
[2024-03-15T06:02:07.209+0000][2.010s] GC(1) Old regions: 1->10
[2024-03-15T06:02:07.210+0000][2.010s] GC(1) Archive regions: 2->2
[2024-03-15T06:02:07.210+0000][2.010s] GC(1) Humongous regions: 4->4
[2024-03-15T06:02:07.210+0000][2.011s] GC(1) Metaspace: 17860K(18112K)->17860K(18112K) NonClass: 15651K(15808K)->15651K(15808K) Class: 2208K(2304K)->2208K(2304K)
[2024-03-15T06:02:07.210+0000][2.011s] GC(1) Pause Young (Normal) (G1 Evacuation Pause) 66M->22M(512M) 12.551ms
[2024-03-15T06:02:07.211+0000][2.011s] GC(1) User=0.07s Sys=0.01s Real=0.01s
[2024-03-15T06:02:07.787+0000][2.588s] GC(2) Pause Young (Concurrent Start) (Metadata GC Threshold)
[2024-03-15T06:02:07.788+0000][2.588s] GC(2) Using 10 workers of 10 for evacuation
[2024-03-15T06:02:07.794+0000][2.595s] GC(2)   Pre Evacuate Collection Set: 0.3ms
[2024-03-15T06:02:07.795+0000][2.595s] GC(2)   Merge Heap Roots: 0.2ms
[2024-03-15T06:02:07.795+0000][2.595s] GC(2)   Evacuate Collection Set: 4.1ms
[2024-03-15T06:02:07.795+0000][2.596s] GC(2)   Post Evacuate Collection Set: 0.9ms
[2024-03-15T06:02:07.795+0000][2.596s] GC(2)   Other: 1.6ms
[2024-03-15T06:02:07.796+0000][2.596s] GC(2) Eden regions: 29->0(88)
[2024-03-15T06:02:07.796+0000][2.596s] GC(2) Survivor regions: 8->2(9)
[2024-03-15T06:02:07.796+0000][2.597s] GC(2) Old regions: 10->18
[2024-03-15T06:02:07.796+0000][2.597s] GC(2) Archive regions: 2->2
[2024-03-15T06:02:07.797+0000][2.597s] GC(2) Humongous regions: 4->4
[2024-03-15T06:02:07.797+0000][2.597s] GC(2) Metaspace: 21181K(21504K)->21181K(21504K) NonClass: 18582K(18752K)->18582K(18752K) Class: 2598K(2752K)->2598K(2752K)
[2024-03-15T06:02:07.797+0000][2.598s] GC(2) Pause Young (Concurrent Start) (Metadata GC Threshold) 50M->24M(512M) 10.097ms
[2024-03-15T06:02:07.798+0000][2.598s] GC(2) User=0.04s Sys=0.00s Real=0.01s
[2024-03-15T06:02:07.798+0000][2.598s] GC(3) Concurrent Mark Cycle
[2024-03-15T06:02:07.798+0000][2.599s] GC(3) Concurrent Clear Claimed Marks
[2024-03-15T06:02:07.799+0000][2.599s] GC(3) Concurrent Clear Claimed Marks 0.407ms
[2024-03-15T06:02:07.799+0000][2.599s] GC(3) Concurrent Scan Root Regions
[2024-03-15T06:02:07.802+0000][2.602s] GC(3) Concurrent Scan Root Regions 2.622ms
[2024-03-15T06:02:07.802+0000][2.603s] GC(3) Concurrent Mark
[2024-03-15T06:02:07.802+0000][2.603s] GC(3) Concurrent Mark From Roots
[2024-03-15T06:02:07.803+0000][2.603s] GC(3) Using 3 workers of 3 for marking
[2024-03-15T06:02:07.813+0000][2.614s] GC(3) Concurrent Mark From Roots 10.785ms
[2024-03-15T06:02:07.814+0000][2.615s] GC(3) Concurrent Preclean
[2024-03-15T06:02:07.816+0000][2.616s] GC(3) Concurrent Preclean 1.043ms
[2024-03-15T06:02:07.816+0000][2.616s] GC(3) Pause Remark
[2024-03-15T06:02:07.819+0000][2.619s] GC(3) Pause Remark 25M->25M(512M) 2.789ms
[2024-03-15T06:02:07.819+0000][2.619s] GC(3) User=0.01s Sys=0.02s Real=0.01s
[2024-03-15T06:02:07.819+0000][2.620s] GC(3) Concurrent Mark 17.191ms
[2024-03-15T06:02:07.820+0000][2.620s] GC(3) Concurrent Rebuild Remembered Sets
[2024-03-15T06:02:07.825+0000][2.625s] GC(3) Concurrent Rebuild Remembered Sets 5.059ms
[2024-03-15T06:02:07.825+0000][2.626s] GC(3) Pause Cleanup
[2024-03-15T06:02:07.826+0000][2.626s] GC(3) Pause Cleanup 25M->25M(512M) 0.439ms
[2024-03-15T06:02:07.826+0000][2.626s] GC(3) User=0.00s Sys=0.00s Real=0.00s
[2024-03-15T06:02:07.826+0000][2.627s] GC(3) Concurrent Cleanup for Next Mark
[2024-03-15T06:02:07.829+0000][2.629s] GC(3) Concurrent Cleanup for Next Mark 2.219ms
[2024-03-15T06:02:07.829+0000][2.630s] GC(3) Concurrent Mark Cycle 31.494ms
[2024-03-15T06:02:09.710+0000][4.510s] GC(4) Pause Young (Prepare Mixed) (Metadata GC Threshold)
[2024-03-15T06:02:09.710+0000][4.511s] GC(4) Using 10 workers of 10 for evacuation
[2024-03-15T06:02:09.716+0000][4.516s] GC(4)   Pre Evacuate Collection Set: 0.2ms
[2024-03-15T06:02:09.716+0000][4.517s] GC(4)   Merge Heap Roots: 0.2ms
[2024-03-15T06:02:09.716+0000][4.517s] GC(4)   Evacuate Collection Set: 3.4ms
[2024-03-15T06:02:09.717+0000][4.517s] GC(4)   Post Evacuate Collection Set: 1.5ms
[2024-03-15T06:02:09.717+0000][4.517s] GC(4)   Other: 0.7ms
[2024-03-15T06:02:09.717+0000][4.518s] GC(4) Eden regions: 80->0(18)
[2024-03-15T06:02:09.717+0000][4.518s] GC(4) Survivor regions: 2->7(12)
[2024-03-15T06:02:09.718+0000][4.518s] GC(4) Old regions: 18->18
[2024-03-15T06:02:09.718+0000][4.518s] GC(4) Archive regions: 2->2
[2024-03-15T06:02:09.718+0000][4.519s] GC(4) Humongous regions: 4->4
[2024-03-15T06:02:09.718+0000][4.519s] GC(4) Metaspace: 35814K(36096K)->35814K(36096K) NonClass: 31412K(31552K)->31412K(31552K) Class: 4401K(4544K)->4401K(4544K)
[2024-03-15T06:02:09.719+0000][4.519s] GC(4) Pause Young (Prepare Mixed) (Metadata GC Threshold) 104M->28M(512M) 8.865ms
[2024-03-15T06:02:09.719+0000][4.519s] GC(4) User=0.03s Sys=0.00s Real=0.01s
[2024-03-15T06:02:09.754+0000][4.554s] GC(5) Pause Young (Mixed) (Metadata GC Threshold)
[2024-03-15T06:02:09.754+0000][4.555s] GC(5) Using 10 workers of 10 for evacuation
[2024-03-15T06:02:09.759+0000][4.559s] GC(5)   Pre Evacuate Collection Set: 0.2ms
[2024-03-15T06:02:09.759+0000][4.559s] GC(5)   Merge Heap Roots: 0.2ms
[2024-03-15T06:02:09.759+0000][4.560s] GC(5)   Evacuate Collection Set: 3.0ms
[2024-03-15T06:02:09.759+0000][4.560s] GC(5)   Post Evacuate Collection Set: 0.7ms
[2024-03-15T06:02:09.760+0000][4.560s] GC(5)   Other: 0.7ms
[2024-03-15T06:02:09.760+0000][4.560s] GC(5) Eden regions: 2->0(306)
[2024-03-15T06:02:09.760+0000][4.560s] GC(5) Survivor regions: 7->1(4)
[2024-03-15T06:02:09.760+0000][4.561s] GC(5) Old regions: 18->24
[2024-03-15T06:02:09.760+0000][4.561s] GC(5) Archive regions: 2->2
[2024-03-15T06:02:09.761+0000][4.561s] GC(5) Humongous regions: 4->4
[2024-03-15T06:02:09.761+0000][4.561s] GC(5) Metaspace: 36057K(36416K)->36057K(36416K) NonClass: 31623K(31808K)->31623K(31808K) Class: 4434K(4608K)->4434K(4608K)
[2024-03-15T06:02:09.761+0000][4.562s] GC(5) Pause Young (Mixed) (Metadata GC Threshold) 30M->29M(512M) 7.358ms
[2024-03-15T06:02:09.761+0000][4.562s] GC(5) User=0.05s Sys=0.00s Real=0.01s
[2024-03-15T06:02:10.028+0000][4.828s] GC(6) Pause Young (Concurrent Start) (Metadata GC Threshold)
[2024-03-15T06:02:10.028+0000][4.829s] GC(6) Using 10 workers of 10 for evacuation
[2024-03-15T06:02:10.032+0000][4.832s] GC(6)   Pre Evacuate Collection Set: 0.4ms
[2024-03-15T06:02:10.032+0000][4.832s] GC(6)   Merge Heap Roots: 0.3ms
[2024-03-15T06:02:10.032+0000][4.833s] GC(6)   Evacuate Collection Set: 1.3ms
[2024-03-15T06:02:10.032+0000][4.833s] GC(6)   Post Evacuate Collection Set: 0.8ms
[2024-03-15T06:02:10.033+0000][4.833s] GC(6)   Other: 1.0ms
[2024-03-15T06:02:10.033+0000][4.833s] GC(6) Eden regions: 4->0(306)
[2024-03-15T06:02:10.033+0000][4.834s] GC(6) Survivor regions: 1->1(39)
[2024-03-15T06:02:10.034+0000][4.834s] GC(6) Old regions: 24->24
[2024-03-15T06:02:10.034+0000][4.834s] GC(6) Archive regions: 2->2
[2024-03-15T06:02:10.035+0000][4.835s] GC(6) Humongous regions: 4->4
[2024-03-15T06:02:10.035+0000][4.835s] GC(6) Metaspace: 36372K(36736K)->36372K(36736K) NonClass: 31898K(32064K)->31898K(32064K) Class: 4474K(4672K)->4474K(4672K)
[2024-03-15T06:02:10.035+0000][4.836s] GC(6) Pause Young (Concurrent Start) (Metadata GC Threshold) 33M->28M(512M) 7.444ms
[2024-03-15T06:02:10.036+0000][4.836s] GC(6) User=0.01s Sys=0.00s Real=0.00s
[2024-03-15T06:02:10.036+0000][4.836s] GC(7) Concurrent Mark Cycle
[2024-03-15T06:02:10.036+0000][4.837s] GC(7) Concurrent Clear Claimed Marks
[2024-03-15T06:02:10.036+0000][4.837s] GC(7) Concurrent Clear Claimed Marks 0.328ms
[2024-03-15T06:02:10.037+0000][4.837s] GC(7) Concurrent Scan Root Regions
[2024-03-15T06:02:10.038+0000][4.838s] GC(7) Concurrent Scan Root Regions 0.966ms
[2024-03-15T06:02:10.038+0000][4.839s] GC(7) Concurrent Mark
[2024-03-15T06:02:10.039+0000][4.839s] GC(7) Concurrent Mark From Roots
[2024-03-15T06:02:10.039+0000][4.839s] GC(7) Using 3 workers of 3 for marking
[2024-03-15T06:02:10.052+0000][4.852s] GC(7) Concurrent Mark From Roots 13.312ms
[2024-03-15T06:02:10.052+0000][4.853s] GC(7) Concurrent Preclean
[2024-03-15T06:02:10.053+0000][4.853s] GC(7) Concurrent Preclean 0.451ms
[2024-03-15T06:02:10.053+0000][4.854s] GC(7) Pause Remark
[2024-03-15T06:02:10.056+0000][4.857s] GC(7) Pause Remark 30M->30M(512M) 2.958ms
[2024-03-15T06:02:10.057+0000][4.857s] GC(7) User=0.01s Sys=0.01s Real=0.00s
[2024-03-15T06:02:10.057+0000][4.857s] GC(7) Concurrent Mark 18.801ms
[2024-03-15T06:02:10.057+0000][4.858s] GC(7) Concurrent Rebuild Remembered Sets
[2024-03-15T06:02:10.066+0000][4.866s] GC(7) Concurrent Rebuild Remembered Sets 8.349ms
[2024-03-15T06:02:10.066+0000][4.867s] GC(7) Pause Cleanup
[2024-03-15T06:02:10.067+0000][4.868s] GC(7) Pause Cleanup 30M->30M(512M) 0.944ms
[2024-03-15T06:02:10.068+0000][4.868s] GC(7) User=0.01s Sys=0.00s Real=0.01s
[2024-03-15T06:02:10.068+0000][4.869s] GC(7) Concurrent Cleanup for Next Mark
[2024-03-15T06:02:10.069+0000][4.870s] GC(7) Concurrent Cleanup for Next Mark 1.190ms
[2024-03-15T06:02:10.070+0000][4.870s] GC(7) Concurrent Mark Cycle 33.989ms
[2024-03-15T06:05:08.037+0000][182.837s] Heap
[2024-03-15T06:05:08.037+0000][182.838s]  garbage-first heap   total 524288K, used 279320K [0x00000000e0000000, 0x0000000100000000)
[2024-03-15T06:05:08.037+0000][182.838s]   region size 1024K, 246 young (251904K), 1 survivors (1024K)
[2024-03-15T06:05:08.038+0000][182.838s]  Metaspace       used 60376K, committed 60928K, reserved 1114112K
[2024-03-15T06:05:08.038+0000][182.839s]   class space    used 7700K, committed 7936K, reserved 1048576K
