[2024-03-17T09:37:48.466+0000][0.082s] Using G1
[2024-03-17T09:37:48.586+0000][0.202s] Version: 17.0.10+7 (release)
[2024-03-17T09:37:48.586+0000][0.203s] CPUs: 12 total, 12 available
[2024-03-17T09:37:48.586+0000][0.203s] Memory: 7875M
[2024-03-17T09:37:48.587+0000][0.203s] Large Page Support: Disabled
[2024-03-17T09:37:48.587+0000][0.204s] NUMA Support: Disabled
[2024-03-17T09:37:48.587+0000][0.204s] Compressed Oops: Enabled (32-bit)
[2024-03-17T09:37:48.588+0000][0.204s] Heap Region Size: 1M
[2024-03-17T09:37:48.588+0000][0.204s] Heap Min Capacity: 512M
[2024-03-17T09:37:48.588+0000][0.205s] Heap Initial Capacity: 512M
[2024-03-17T09:37:48.589+0000][0.205s] Heap Max Capacity: 512M
[2024-03-17T09:37:48.589+0000][0.205s] Pre-touch: Enabled
[2024-03-17T09:37:48.589+0000][0.206s] Parallel Workers: 10
[2024-03-17T09:37:48.589+0000][0.206s] Concurrent Workers: 3
[2024-03-17T09:37:48.590+0000][0.206s] Concurrent Refinement Workers: 10
[2024-03-17T09:37:48.590+0000][0.206s] Periodic GC: Disabled
[2024-03-17T09:37:48.596+0000][0.213s] CDS archive(s) mapped at: [0x00007f8aef000000-0x00007f8aefa5f000-0x00007f8aefa5f000), size 10874880, SharedBaseAddress: 0x00007f8aef000000, ArchiveRelocationMode: 1.
[2024-03-17T09:37:48.597+0000][0.213s] Compressed class space mapped at: 0x00007f8af0000000-0x00007f8b30000000, reserved size: 1073741824
[2024-03-17T09:37:48.597+0000][0.214s] Narrow klass base: 0x00007f8aef000000, Narrow klass shift: 0, Narrow klass range: 0x100000000
[2024-03-17T09:37:50.444+0000][2.060s] GC(0) Pause Young (Normal) (G1 Evacuation Pause)
[2024-03-17T09:37:50.444+0000][2.061s] GC(0) Using 10 workers of 10 for evacuation
[2024-03-17T09:37:50.464+0000][2.081s] GC(0)   Pre Evacuate Collection Set: 0.4ms
[2024-03-17T09:37:50.464+0000][2.081s] GC(0)   Merge Heap Roots: 0.1ms
[2024-03-17T09:37:50.465+0000][2.081s] GC(0)   Evacuate Collection Set: 17.2ms
[2024-03-17T09:37:50.465+0000][2.082s] GC(0)   Post Evacuate Collection Set: 1.0ms
[2024-03-17T09:37:50.466+0000][2.082s] GC(0)   Other: 1.9ms
[2024-03-17T09:37:50.466+0000][2.083s] GC(0) Eden regions: 29->0(58)
[2024-03-17T09:37:50.467+0000][2.083s] GC(0) Survivor regions: 0->4(4)
[2024-03-17T09:37:50.467+0000][2.084s] GC(0) Old regions: 0->1
[2024-03-17T09:37:50.468+0000][2.084s] GC(0) Archive regions: 2->2
[2024-03-17T09:37:50.468+0000][2.085s] GC(0) Humongous regions: 0->0
[2024-03-17T09:37:50.469+0000][2.085s] GC(0) Metaspace: 9919K(10176K)->9919K(10176K) NonClass: 8695K(8832K)->8695K(8832K) Class: 1223K(1344K)->1223K(1344K)
[2024-03-17T09:37:50.469+0000][2.086s] GC(0) Pause Young (Normal) (G1 Evacuation Pause) 29M->5M(512M) 25.244ms
[2024-03-17T09:37:50.470+0000][2.086s] GC(0) User=0.04s Sys=0.01s Real=0.02s
[2024-03-17T09:37:52.922+0000][4.538s] GC(1) Pause Young (Normal) (G1 Evacuation Pause)
[2024-03-17T09:37:52.922+0000][4.539s] GC(1) Using 10 workers of 10 for evacuation
[2024-03-17T09:37:52.941+0000][4.558s] GC(1)   Pre Evacuate Collection Set: 0.3ms
[2024-03-17T09:37:52.942+0000][4.559s] GC(1)   Merge Heap Roots: 0.1ms
[2024-03-17T09:37:52.943+0000][4.559s] GC(1)   Evacuate Collection Set: 15.6ms
[2024-03-17T09:37:52.943+0000][4.560s] GC(1)   Post Evacuate Collection Set: 2.4ms
[2024-03-17T09:37:52.944+0000][4.560s] GC(1)   Other: 1.0ms
[2024-03-17T09:37:52.944+0000][4.561s] GC(1) Eden regions: 54->0(76)
[2024-03-17T09:37:52.944+0000][4.561s] GC(1) Survivor regions: 4->8(8)
[2024-03-17T09:37:52.945+0000][4.561s] GC(1) Old regions: 1->9
[2024-03-17T09:37:52.945+0000][4.562s] GC(1) Archive regions: 2->2
[2024-03-17T09:37:52.947+0000][4.563s] GC(1) Humongous regions: 4->4
[2024-03-17T09:37:52.948+0000][4.564s] GC(1) Metaspace: 17889K(18176K)->17889K(18176K) NonClass: 15672K(15872K)->15672K(15872K) Class: 2216K(2304K)->2216K(2304K)
[2024-03-17T09:37:52.950+0000][4.567s] GC(1) Pause Young (Normal) (G1 Evacuation Pause) 63M->21M(512M) 28.622ms
[2024-03-17T09:37:52.951+0000][4.568s] GC(1) User=0.10s Sys=0.00s Real=0.03s
[2024-03-17T09:37:54.622+0000][6.239s] GC(2) Pause Young (Concurrent Start) (Metadata GC Threshold)
[2024-03-17T09:37:54.623+0000][6.239s] GC(2) Using 10 workers of 10 for evacuation
[2024-03-17T09:37:54.628+0000][6.245s] GC(2)   Pre Evacuate Collection Set: 0.3ms
[2024-03-17T09:37:54.629+0000][6.245s] GC(2)   Merge Heap Roots: 0.2ms
[2024-03-17T09:37:54.629+0000][6.245s] GC(2)   Evacuate Collection Set: 4.0ms
[2024-03-17T09:37:54.629+0000][6.246s] GC(2)   Post Evacuate Collection Set: 0.8ms
[2024-03-17T09:37:54.629+0000][6.246s] GC(2)   Other: 0.9ms
[2024-03-17T09:37:54.630+0000][6.246s] GC(2) Eden regions: 33->0(114)
[2024-03-17T09:37:54.630+0000][6.246s] GC(2) Survivor regions: 8->2(10)
[2024-03-17T09:37:54.630+0000][6.247s] GC(2) Old regions: 9->17
[2024-03-17T09:37:54.630+0000][6.247s] GC(2) Archive regions: 2->2
[2024-03-17T09:37:54.631+0000][6.247s] GC(2) Humongous regions: 4->4
[2024-03-17T09:37:54.631+0000][6.247s] GC(2) Metaspace: 21182K(21504K)->21182K(21504K) NonClass: 18558K(18688K)->18558K(18688K) Class: 2623K(2816K)->2623K(2816K)
[2024-03-17T09:37:54.631+0000][6.248s] GC(2) Pause Young (Concurrent Start) (Metadata GC Threshold) 53M->23M(512M) 8.990ms
[2024-03-17T09:37:54.631+0000][6.248s] GC(2) User=0.02s Sys=0.01s Real=0.01s
[2024-03-17T09:37:54.632+0000][6.248s] GC(3) Concurrent Mark Cycle
[2024-03-17T09:37:54.632+0000][6.249s] GC(3) Concurrent Clear Claimed Marks
[2024-03-17T09:37:54.632+0000][6.249s] GC(3) Concurrent Clear Claimed Marks 0.303ms
[2024-03-17T09:37:54.633+0000][6.249s] GC(3) Concurrent Scan Root Regions
[2024-03-17T09:37:54.637+0000][6.253s] GC(3) Concurrent Scan Root Regions 4.117ms
[2024-03-17T09:37:54.637+0000][6.254s] GC(3) Concurrent Mark
[2024-03-17T09:37:54.637+0000][6.254s] GC(3) Concurrent Mark From Roots
[2024-03-17T09:37:54.638+0000][6.254s] GC(3) Using 3 workers of 3 for marking
[2024-03-17T09:37:54.658+0000][6.275s] GC(3) Concurrent Mark From Roots 20.577ms
[2024-03-17T09:37:54.660+0000][6.277s] GC(3) Concurrent Preclean
[2024-03-17T09:37:54.661+0000][6.277s] GC(3) Concurrent Preclean 0.404ms
[2024-03-17T09:37:54.662+0000][6.279s] GC(3) Pause Remark
[2024-03-17T09:37:54.678+0000][6.295s] GC(3) Pause Remark 24M->24M(512M) 16.343ms
[2024-03-17T09:37:54.679+0000][6.295s] GC(3) User=0.05s Sys=0.01s Real=0.02s
[2024-03-17T09:37:54.679+0000][6.296s] GC(3) Concurrent Mark 42.272ms
[2024-03-17T09:37:54.680+0000][6.296s] GC(3) Concurrent Rebuild Remembered Sets
[2024-03-17T09:37:54.686+0000][6.303s] GC(3) Concurrent Rebuild Remembered Sets 6.394ms
[2024-03-17T09:37:54.687+0000][6.303s] GC(3) Pause Cleanup
[2024-03-17T09:37:54.699+0000][6.316s] GC(3) Pause Cleanup 24M->24M(512M) 12.738ms
[2024-03-17T09:37:54.701+0000][6.317s] GC(3) User=0.01s Sys=0.00s Real=0.01s
[2024-03-17T09:37:54.713+0000][6.329s] GC(3) Concurrent Cleanup for Next Mark
[2024-03-17T09:37:54.714+0000][6.330s] GC(3) Concurrent Cleanup for Next Mark 1.035ms
[2024-03-17T09:37:54.715+0000][6.332s] GC(3) Concurrent Mark Cycle 83.621ms
[2024-03-17T09:38:01.163+0000][12.780s] GC(4) Pause Young (Concurrent Start) (Metadata GC Threshold)
[2024-03-17T09:38:01.164+0000][12.780s] GC(4) Using 10 workers of 10 for evacuation
[2024-03-17T09:38:01.175+0000][12.791s] GC(4)   Pre Evacuate Collection Set: 0.3ms
[2024-03-17T09:38:01.175+0000][12.792s] GC(4)   Merge Heap Roots: 0.2ms
[2024-03-17T09:38:01.176+0000][12.792s] GC(4)   Evacuate Collection Set: 6.9ms
[2024-03-17T09:38:01.176+0000][12.792s] GC(4)   Post Evacuate Collection Set: 3.5ms
[2024-03-17T09:38:01.176+0000][12.793s] GC(4)   Other: 0.8ms
[2024-03-17T09:38:01.176+0000][12.793s] GC(4) Eden regions: 89->0(299)
[2024-03-17T09:38:01.177+0000][12.793s] GC(4) Survivor regions: 2->8(15)
[2024-03-17T09:38:01.177+0000][12.793s] GC(4) Old regions: 17->17
[2024-03-17T09:38:01.177+0000][12.794s] GC(4) Archive regions: 2->2
[2024-03-17T09:38:01.177+0000][12.794s] GC(4) Humongous regions: 4->4
[2024-03-17T09:38:01.178+0000][12.794s] GC(4) Metaspace: 35697K(36096K)->35697K(36096K) NonClass: 31209K(31360K)->31209K(31360K) Class: 4488K(4736K)->4488K(4736K)
[2024-03-17T09:38:01.178+0000][12.795s] GC(4) Pause Young (Concurrent Start) (Metadata GC Threshold) 112M->28M(512M) 14.783ms
[2024-03-17T09:38:01.178+0000][12.795s] GC(4) User=0.03s Sys=0.00s Real=0.01s
[2024-03-17T09:38:01.179+0000][12.795s] GC(5) Concurrent Mark Cycle
[2024-03-17T09:38:01.179+0000][12.796s] GC(5) Concurrent Clear Claimed Marks
[2024-03-17T09:38:01.191+0000][12.808s] GC(5) Concurrent Clear Claimed Marks 12.092ms
[2024-03-17T09:38:01.195+0000][12.812s] GC(5) Concurrent Scan Root Regions
[2024-03-17T09:38:01.200+0000][12.816s] GC(5) Concurrent Scan Root Regions 4.729ms
[2024-03-17T09:38:01.201+0000][12.817s] GC(5) Concurrent Mark
[2024-03-17T09:38:01.201+0000][12.818s] GC(5) Concurrent Mark From Roots
[2024-03-17T09:38:01.201+0000][12.818s] GC(5) Using 3 workers of 3 for marking
[2024-03-17T09:38:01.217+0000][12.834s] GC(5) Concurrent Mark From Roots 16.214ms
[2024-03-17T09:38:01.218+0000][12.835s] GC(5) Concurrent Preclean
[2024-03-17T09:38:01.220+0000][12.837s] GC(5) Concurrent Preclean 2.133ms
[2024-03-17T09:38:01.222+0000][12.839s] GC(5) Pause Remark
[2024-03-17T09:38:01.239+0000][12.856s] GC(5) Pause Remark 30M->30M(512M) 16.796ms
[2024-03-17T09:38:01.239+0000][12.856s] GC(5) User=0.03s Sys=0.00s Real=0.02s
[2024-03-17T09:38:01.240+0000][12.856s] GC(5) Concurrent Mark 39.181ms
[2024-03-17T09:38:01.243+0000][12.860s] GC(5) Concurrent Rebuild Remembered Sets
[2024-03-17T09:38:01.267+0000][12.884s] GC(5) Concurrent Rebuild Remembered Sets 24.119ms
[2024-03-17T09:38:01.270+0000][12.886s] GC(5) Pause Cleanup
[2024-03-17T09:38:01.271+0000][12.887s] GC(5) Pause Cleanup 32M->32M(512M) 1.204ms
[2024-03-17T09:38:01.271+0000][12.888s] GC(5) User=0.00s Sys=0.00s Real=0.00s
[2024-03-17T09:38:01.272+0000][12.888s] GC(5) Concurrent Cleanup for Next Mark
[2024-03-17T09:38:01.275+0000][12.891s] GC(5) Concurrent Cleanup for Next Mark 2.590ms
[2024-03-17T09:38:01.276+0000][12.892s] GC(5) Concurrent Mark Cycle 96.882ms
[2024-03-17T09:58:44.283+0000][1255.900s] Heap
[2024-03-17T09:58:44.284+0000][1255.901s]  garbage-first heap   total 524288K, used 270314K [0x00000000e0000000, 0x0000000100000000)
[2024-03-17T09:58:44.284+0000][1255.901s]   region size 1024K, 243 young (248832K), 8 survivors (8192K)
[2024-03-17T09:58:44.284+0000][1255.901s]  Metaspace       used 56974K, committed 57536K, reserved 1114112K
[2024-03-17T09:58:44.285+0000][1255.901s]   class space    used 7346K, committed 7616K, reserved 1048576K
