[2024-03-13T05:58:13.269+0000][0.035s] Using G1
[2024-03-13T05:58:13.374+0000][0.140s] Version: 17.0.10+7 (release)
[2024-03-13T05:58:13.374+0000][0.140s] CPUs: 12 total, 12 available
[2024-03-13T05:58:13.375+0000][0.141s] Memory: 7875M
[2024-03-13T05:58:13.375+0000][0.141s] Large Page Support: Disabled
[2024-03-13T05:58:13.375+0000][0.141s] NUMA Support: Disabled
[2024-03-13T05:58:13.376+0000][0.142s] Compressed Oops: Enabled (32-bit)
[2024-03-13T05:58:13.376+0000][0.142s] Heap Region Size: 1M
[2024-03-13T05:58:13.377+0000][0.143s] Heap Min Capacity: 512M
[2024-03-13T05:58:13.377+0000][0.143s] Heap Initial Capacity: 512M
[2024-03-13T05:58:13.378+0000][0.144s] Heap Max Capacity: 512M
[2024-03-13T05:58:13.378+0000][0.144s] Pre-touch: Enabled
[2024-03-13T05:58:13.378+0000][0.144s] Parallel Workers: 10
[2024-03-13T05:58:13.379+0000][0.145s] Concurrent Workers: 3
[2024-03-13T05:58:13.379+0000][0.145s] Concurrent Refinement Workers: 10
[2024-03-13T05:58:13.379+0000][0.145s] Periodic GC: Disabled
[2024-03-13T05:58:13.387+0000][0.153s] CDS archive(s) mapped at: [0x00007f1ee3000000-0x00007f1ee3a5f000-0x00007f1ee3a5f000), size 10874880, SharedBaseAddress: 0x00007f1ee3000000, ArchiveRelocationMode: 1.
[2024-03-13T05:58:13.387+0000][0.153s] Compressed class space mapped at: 0x00007f1ee4000000-0x00007f1f24000000, reserved size: 1073741824
[2024-03-13T05:58:13.388+0000][0.154s] Narrow klass base: 0x00007f1ee3000000, Narrow klass shift: 0, Narrow klass range: 0x100000000
[2024-03-13T05:58:14.378+0000][1.144s] GC(0) Pause Young (Normal) (G1 Evacuation Pause)
[2024-03-13T05:58:14.379+0000][1.145s] GC(0) Using 10 workers of 10 for evacuation
[2024-03-13T05:58:14.383+0000][1.149s] GC(0)   Pre Evacuate Collection Set: 0.3ms
[2024-03-13T05:58:14.383+0000][1.149s] GC(0)   Merge Heap Roots: 0.3ms
[2024-03-13T05:58:14.384+0000][1.150s] GC(0)   Evacuate Collection Set: 2.0ms
[2024-03-13T05:58:14.384+0000][1.150s] GC(0)   Post Evacuate Collection Set: 0.9ms
[2024-03-13T05:58:14.385+0000][1.151s] GC(0)   Other: 1.1ms
[2024-03-13T05:58:14.385+0000][1.151s] GC(0) Eden regions: 29->0(58)
[2024-03-13T05:58:14.386+0000][1.151s] GC(0) Survivor regions: 0->4(4)
[2024-03-13T05:58:14.386+0000][1.152s] GC(0) Old regions: 0->1
[2024-03-13T05:58:14.386+0000][1.152s] GC(0) Archive regions: 2->2
[2024-03-13T05:58:14.387+0000][1.153s] GC(0) Humongous regions: 0->0
[2024-03-13T05:58:14.387+0000][1.153s] GC(0) Metaspace: 9921K(10176K)->9921K(10176K) NonClass: 8695K(8832K)->8695K(8832K) Class: 1225K(1344K)->1225K(1344K)
[2024-03-13T05:58:14.388+0000][1.154s] GC(0) Pause Young (Normal) (G1 Evacuation Pause) 29M->5M(512M) 9.300ms
[2024-03-13T05:58:14.388+0000][1.154s] GC(0) User=0.03s Sys=0.00s Real=0.01s
[2024-03-13T05:58:15.180+0000][1.946s] GC(1) Pause Young (Normal) (G1 Evacuation Pause)
[2024-03-13T05:58:15.181+0000][1.947s] GC(1) Using 10 workers of 10 for evacuation
[2024-03-13T05:58:15.187+0000][1.953s] GC(1)   Pre Evacuate Collection Set: 0.3ms
[2024-03-13T05:58:15.187+0000][1.953s] GC(1)   Merge Heap Roots: 0.2ms
[2024-03-13T05:58:15.188+0000][1.954s] GC(1)   Evacuate Collection Set: 4.3ms
[2024-03-13T05:58:15.188+0000][1.954s] GC(1)   Post Evacuate Collection Set: 1.0ms
[2024-03-13T05:58:15.189+0000][1.955s] GC(1)   Other: 0.9ms
[2024-03-13T05:58:15.189+0000][1.955s] GC(1) Eden regions: 58->0(75)
[2024-03-13T05:58:15.189+0000][1.955s] GC(1) Survivor regions: 4->8(8)
[2024-03-13T05:58:15.190+0000][1.956s] GC(1) Old regions: 1->10
[2024-03-13T05:58:15.190+0000][1.956s] GC(1) Archive regions: 2->2
[2024-03-13T05:58:15.191+0000][1.956s] GC(1) Humongous regions: 4->4
[2024-03-13T05:58:15.191+0000][1.957s] GC(1) Metaspace: 17939K(18176K)->17939K(18176K) NonClass: 15722K(15872K)->15722K(15872K) Class: 2216K(2304K)->2216K(2304K)
[2024-03-13T05:58:15.191+0000][1.957s] GC(1) Pause Young (Normal) (G1 Evacuation Pause) 67M->21M(512M) 11.181ms
[2024-03-13T05:58:15.192+0000][1.958s] GC(1) User=0.04s Sys=0.00s Real=0.01s
[2024-03-13T05:58:15.697+0000][2.463s] GC(2) Pause Young (Concurrent Start) (Metadata GC Threshold)
[2024-03-13T05:58:15.698+0000][2.464s] GC(2) Using 10 workers of 10 for evacuation
[2024-03-13T05:58:15.702+0000][2.468s] GC(2)   Pre Evacuate Collection Set: 0.3ms
[2024-03-13T05:58:15.703+0000][2.469s] GC(2)   Merge Heap Roots: 0.2ms
[2024-03-13T05:58:15.703+0000][2.469s] GC(2)   Evacuate Collection Set: 2.7ms
[2024-03-13T05:58:15.704+0000][2.470s] GC(2)   Post Evacuate Collection Set: 0.8ms
[2024-03-13T05:58:15.704+0000][2.470s] GC(2)   Other: 1.2ms
[2024-03-13T05:58:15.705+0000][2.470s] GC(2) Eden regions: 27->0(108)
[2024-03-13T05:58:15.705+0000][2.471s] GC(2) Survivor regions: 8->2(10)
[2024-03-13T05:58:15.705+0000][2.471s] GC(2) Old regions: 10->18
[2024-03-13T05:58:15.706+0000][2.472s] GC(2) Archive regions: 2->2
[2024-03-13T05:58:15.706+0000][2.472s] GC(2) Humongous regions: 4->4
[2024-03-13T05:58:15.707+0000][2.473s] GC(2) Metaspace: 21210K(21504K)->21210K(21504K) NonClass: 18606K(18752K)->18606K(18752K) Class: 2603K(2752K)->2603K(2752K)
[2024-03-13T05:58:15.707+0000][2.473s] GC(2) Pause Young (Concurrent Start) (Metadata GC Threshold) 48M->24M(512M) 9.945ms
[2024-03-13T05:58:15.707+0000][2.473s] GC(2) User=0.01s Sys=0.02s Real=0.01s
[2024-03-13T05:58:15.708+0000][2.474s] GC(3) Concurrent Mark Cycle
[2024-03-13T05:58:15.708+0000][2.474s] GC(3) Concurrent Clear Claimed Marks
[2024-03-13T05:58:15.709+0000][2.475s] GC(3) Concurrent Clear Claimed Marks 0.360ms
[2024-03-13T05:58:15.709+0000][2.475s] GC(3) Concurrent Scan Root Regions
[2024-03-13T05:58:15.711+0000][2.477s] GC(3) Concurrent Scan Root Regions 1.711ms
[2024-03-13T05:58:15.711+0000][2.477s] GC(3) Concurrent Mark
[2024-03-13T05:58:15.711+0000][2.477s] GC(3) Concurrent Mark From Roots
[2024-03-13T05:58:15.712+0000][2.478s] GC(3) Using 3 workers of 3 for marking
[2024-03-13T05:58:15.718+0000][2.484s] GC(3) Concurrent Mark From Roots 6.647ms
[2024-03-13T05:58:15.718+0000][2.484s] GC(3) Concurrent Preclean
[2024-03-13T05:58:15.719+0000][2.485s] GC(3) Concurrent Preclean 0.460ms
[2024-03-13T05:58:15.720+0000][2.485s] GC(3) Pause Remark
[2024-03-13T05:58:15.722+0000][2.488s] GC(3) Pause Remark 25M->25M(512M) 2.403ms
[2024-03-13T05:58:15.722+0000][2.488s] GC(3) User=0.00s Sys=0.00s Real=0.01s
[2024-03-13T05:58:15.723+0000][2.489s] GC(3) Concurrent Mark 11.888ms
[2024-03-13T05:58:15.723+0000][2.489s] GC(3) Concurrent Rebuild Remembered Sets
[2024-03-13T05:58:15.724+0000][2.490s] GC(3) Concurrent Rebuild Remembered Sets 0.430ms
[2024-03-13T05:58:15.724+0000][2.490s] GC(3) Pause Cleanup
[2024-03-13T05:58:15.725+0000][2.491s] GC(3) Pause Cleanup 25M->25M(512M) 0.444ms
[2024-03-13T05:58:15.725+0000][2.491s] GC(3) User=0.00s Sys=0.00s Real=0.00s
[2024-03-13T05:58:15.726+0000][2.492s] GC(3) Concurrent Cleanup for Next Mark
[2024-03-13T05:58:15.726+0000][2.492s] GC(3) Concurrent Cleanup for Next Mark 0.683ms
[2024-03-13T05:58:15.727+0000][2.493s] GC(3) Concurrent Mark Cycle 18.818ms
[2024-03-13T05:58:43.245+0000][30.010s] GC(4) Pause Young (Concurrent Start) (Metadata GC Threshold)
[2024-03-13T05:58:43.245+0000][30.011s] GC(4) Using 10 workers of 10 for evacuation
[2024-03-13T05:58:43.251+0000][30.016s] GC(4)   Pre Evacuate Collection Set: 0.3ms
[2024-03-13T05:58:43.251+0000][30.017s] GC(4)   Merge Heap Roots: 0.3ms
[2024-03-13T05:58:43.252+0000][30.017s] GC(4)   Evacuate Collection Set: 3.0ms
[2024-03-13T05:58:43.252+0000][30.018s] GC(4)   Post Evacuate Collection Set: 1.3ms
[2024-03-13T05:58:43.253+0000][30.018s] GC(4)   Other: 1.1ms
[2024-03-13T05:58:43.253+0000][30.019s] GC(4) Eden regions: 88->0(300)
[2024-03-13T05:58:43.253+0000][30.019s] GC(4) Survivor regions: 2->7(14)
[2024-03-13T05:58:43.254+0000][30.020s] GC(4) Old regions: 18->18
[2024-03-13T05:58:43.254+0000][30.020s] GC(4) Archive regions: 2->2
[2024-03-13T05:58:43.255+0000][30.020s] GC(4) Humongous regions: 4->4
[2024-03-13T05:58:43.255+0000][30.021s] GC(4) Metaspace: 35783K(36160K)->35783K(36160K) NonClass: 31371K(31552K)->31371K(31552K) Class: 4411K(4608K)->4411K(4608K)
[2024-03-13T05:58:43.255+0000][30.021s] GC(4) Pause Young (Concurrent Start) (Metadata GC Threshold) 111M->29M(512M) 10.654ms
[2024-03-13T05:58:43.256+0000][30.022s] GC(4) User=0.03s Sys=0.01s Real=0.01s
[2024-03-13T05:58:43.256+0000][30.022s] GC(5) Concurrent Mark Cycle
[2024-03-13T05:58:43.257+0000][30.022s] GC(5) Concurrent Clear Claimed Marks
[2024-03-13T05:58:43.257+0000][30.023s] GC(5) Concurrent Clear Claimed Marks 0.420ms
[2024-03-13T05:58:43.257+0000][30.023s] GC(5) Concurrent Scan Root Regions
[2024-03-13T05:58:43.259+0000][30.025s] GC(5) Concurrent Scan Root Regions 1.917ms
[2024-03-13T05:58:43.260+0000][30.025s] GC(5) Concurrent Mark
[2024-03-13T05:58:43.260+0000][30.026s] GC(5) Concurrent Mark From Roots
[2024-03-13T05:58:43.260+0000][30.026s] GC(5) Using 3 workers of 3 for marking
[2024-03-13T05:58:43.270+0000][30.036s] GC(5) Concurrent Mark From Roots 10.139ms
[2024-03-13T05:58:43.271+0000][30.036s] GC(5) Concurrent Preclean
[2024-03-13T05:58:43.271+0000][30.037s] GC(5) Concurrent Preclean 0.472ms
[2024-03-13T05:58:43.272+0000][30.037s] GC(5) Pause Remark
[2024-03-13T05:58:43.274+0000][30.040s] GC(5) Pause Remark 30M->30M(512M) 2.458ms
[2024-03-13T05:58:43.275+0000][30.040s] GC(5) User=0.00s Sys=0.02s Real=0.01s
[2024-03-13T05:58:43.275+0000][30.041s] GC(5) Concurrent Mark 15.462ms
[2024-03-13T05:58:43.276+0000][30.041s] GC(5) Concurrent Rebuild Remembered Sets
[2024-03-13T05:58:43.280+0000][30.045s] GC(5) Concurrent Rebuild Remembered Sets 3.932ms
[2024-03-13T05:58:43.280+0000][30.046s] GC(5) Pause Cleanup
[2024-03-13T05:58:43.281+0000][30.046s] GC(5) Pause Cleanup 30M->30M(512M) 0.612ms
[2024-03-13T05:58:43.281+0000][30.047s] GC(5) User=0.00s Sys=0.00s Real=0.00s
[2024-03-13T05:58:43.282+0000][30.047s] GC(5) Concurrent Cleanup for Next Mark
[2024-03-13T05:58:43.283+0000][30.048s] GC(5) Concurrent Cleanup for Next Mark 0.802ms
[2024-03-13T05:58:43.283+0000][30.049s] GC(5) Concurrent Mark Cycle 26.682ms
[2024-03-13T06:01:49.890+0000][216.656s] GC(6) Pause Young (Concurrent Start) (Metadata GC Threshold)
[2024-03-13T06:01:49.891+0000][216.657s] GC(6) Using 10 workers of 10 for evacuation
[2024-03-13T06:01:49.915+0000][216.680s] GC(6)   Pre Evacuate Collection Set: 0.9ms
[2024-03-13T06:01:49.915+0000][216.681s] GC(6)   Merge Heap Roots: 0.3ms
[2024-03-13T06:01:49.916+0000][216.681s] GC(6)   Evacuate Collection Set: 18.7ms
[2024-03-13T06:01:49.916+0000][216.682s] GC(6)   Post Evacuate Collection Set: 2.8ms
[2024-03-13T06:01:49.917+0000][216.682s] GC(6)   Other: 1.5ms
[2024-03-13T06:01:49.917+0000][216.683s] GC(6) Eden regions: 234->0(279)
[2024-03-13T06:01:49.917+0000][216.683s] GC(6) Survivor regions: 7->28(39)
[2024-03-13T06:01:49.917+0000][216.683s] GC(6) Old regions: 18->18
[2024-03-13T06:01:49.917+0000][216.683s] GC(6) Archive regions: 2->2
[2024-03-13T06:01:49.918+0000][216.684s] GC(6) Humongous regions: 5->5
[2024-03-13T06:01:49.918+0000][216.684s] GC(6) Metaspace: 60021K(60608K)->60021K(60608K) NonClass: 52372K(52672K)->52372K(52672K) Class: 7649K(7936K)->7649K(7936K)
[2024-03-13T06:01:49.918+0000][216.684s] GC(6) Pause Young (Concurrent Start) (Metadata GC Threshold) 263M->51M(512M) 27.918ms
[2024-03-13T06:01:49.918+0000][216.684s] GC(6) User=0.20s Sys=0.01s Real=0.03s
[2024-03-13T06:01:49.919+0000][216.685s] GC(7) Concurrent Mark Cycle
[2024-03-13T06:01:49.919+0000][216.685s] GC(7) Concurrent Clear Claimed Marks
[2024-03-13T06:01:49.920+0000][216.686s] GC(7) Concurrent Clear Claimed Marks 0.865ms
[2024-03-13T06:01:49.921+0000][216.687s] GC(7) Concurrent Scan Root Regions
[2024-03-13T06:01:49.933+0000][216.698s] GC(7) Concurrent Scan Root Regions 11.529ms
[2024-03-13T06:01:49.933+0000][216.699s] GC(7) Concurrent Mark
[2024-03-13T06:01:49.934+0000][216.700s] GC(7) Concurrent Mark From Roots
[2024-03-13T06:01:49.935+0000][216.701s] GC(7) Using 3 workers of 3 for marking
[2024-03-13T06:01:49.951+0000][216.717s] GC(7) Concurrent Mark From Roots 16.860ms
[2024-03-13T06:01:49.951+0000][216.717s] GC(7) Concurrent Preclean
[2024-03-13T06:01:49.952+0000][216.717s] GC(7) Concurrent Preclean 0.343ms
[2024-03-13T06:01:49.952+0000][216.718s] GC(7) Pause Remark
[2024-03-13T06:01:49.957+0000][216.722s] GC(7) Pause Remark 56M->56M(512M) 4.608ms
[2024-03-13T06:01:49.957+0000][216.723s] GC(7) User=0.01s Sys=0.02s Real=0.01s
[2024-03-13T06:01:49.957+0000][216.723s] GC(7) Concurrent Mark 24.231ms
[2024-03-13T06:01:49.958+0000][216.724s] GC(7) Concurrent Rebuild Remembered Sets
[2024-03-13T06:01:49.963+0000][216.728s] GC(7) Concurrent Rebuild Remembered Sets 4.896ms
[2024-03-13T06:01:49.963+0000][216.729s] GC(7) Pause Cleanup
[2024-03-13T06:01:49.964+0000][216.730s] GC(7) Pause Cleanup 56M->56M(512M) 0.996ms
[2024-03-13T06:01:49.964+0000][216.730s] GC(7) User=0.00s Sys=0.00s Real=0.00s
[2024-03-13T06:01:49.965+0000][216.731s] GC(7) Concurrent Cleanup for Next Mark
[2024-03-13T06:01:49.966+0000][216.731s] GC(7) Concurrent Cleanup for Next Mark 0.801ms
[2024-03-13T06:01:49.966+0000][216.732s] GC(7) Concurrent Mark Cycle 46.946ms
