[2024-03-15T09:04:54.015+0000][0.076s] Using G1
[2024-03-15T09:04:54.065+0000][0.125s] Version: 17.0.10+7 (release)
[2024-03-15T09:04:54.065+0000][0.125s] CPUs: 12 total, 12 available
[2024-03-15T09:04:54.065+0000][0.125s] Memory: 7875M
[2024-03-15T09:04:54.066+0000][0.126s] Large Page Support: Disabled
[2024-03-15T09:04:54.066+0000][0.126s] NUMA Support: Disabled
[2024-03-15T09:04:54.066+0000][0.126s] Compressed Oops: Enabled (32-bit)
[2024-03-15T09:04:54.066+0000][0.126s] Heap Region Size: 1M
[2024-03-15T09:04:54.067+0000][0.127s] Heap Min Capacity: 512M
[2024-03-15T09:04:54.067+0000][0.127s] Heap Initial Capacity: 512M
[2024-03-15T09:04:54.068+0000][0.128s] Heap Max Capacity: 512M
[2024-03-15T09:04:54.068+0000][0.128s] Pre-touch: Enabled
[2024-03-15T09:04:54.069+0000][0.129s] Parallel Workers: 10
[2024-03-15T09:04:54.069+0000][0.129s] Concurrent Workers: 3
[2024-03-15T09:04:54.069+0000][0.129s] Concurrent Refinement Workers: 10
[2024-03-15T09:04:54.069+0000][0.130s] Periodic GC: Disabled
[2024-03-15T09:04:54.074+0000][0.134s] CDS archive(s) mapped at: [0x00007ff3ff000000-0x00007ff3ffa5f000-0x00007ff3ffa5f000), size 10874880, SharedBaseAddress: 0x00007ff3ff000000, ArchiveRelocationMode: 1.
[2024-03-15T09:04:54.075+0000][0.135s] Compressed class space mapped at: 0x00007ff400000000-0x00007ff440000000, reserved size: 1073741824
[2024-03-15T09:04:54.075+0000][0.135s] Narrow klass base: 0x00007ff3ff000000, Narrow klass shift: 0, Narrow klass range: 0x100000000
[2024-03-15T09:04:54.834+0000][0.895s] GC(0) Pause Young (Normal) (G1 Evacuation Pause)
[2024-03-15T09:04:54.835+0000][0.895s] GC(0) Using 10 workers of 10 for evacuation
[2024-03-15T09:04:54.838+0000][0.898s] GC(0)   Pre Evacuate Collection Set: 0.2ms
[2024-03-15T09:04:54.838+0000][0.899s] GC(0)   Merge Heap Roots: 0.2ms
[2024-03-15T09:04:54.839+0000][0.899s] GC(0)   Evacuate Collection Set: 1.8ms
[2024-03-15T09:04:54.839+0000][0.899s] GC(0)   Post Evacuate Collection Set: 0.9ms
[2024-03-15T09:04:54.839+0000][0.899s] GC(0)   Other: 0.6ms
[2024-03-15T09:04:54.839+0000][0.900s] GC(0) Eden regions: 29->0(58)
[2024-03-15T09:04:54.840+0000][0.900s] GC(0) Survivor regions: 0->4(4)
[2024-03-15T09:04:54.840+0000][0.900s] GC(0) Old regions: 0->1
[2024-03-15T09:04:54.840+0000][0.900s] GC(0) Archive regions: 2->2
[2024-03-15T09:04:54.840+0000][0.900s] GC(0) Humongous regions: 0->0
[2024-03-15T09:04:54.840+0000][0.901s] GC(0) Metaspace: 9905K(10176K)->9905K(10176K) NonClass: 8680K(8832K)->8680K(8832K) Class: 1224K(1344K)->1224K(1344K)
[2024-03-15T09:04:54.841+0000][0.901s] GC(0) Pause Young (Normal) (G1 Evacuation Pause) 29M->5M(512M) 6.308ms
[2024-03-15T09:04:54.841+0000][0.901s] GC(0) User=0.03s Sys=0.00s Real=0.01s
[2024-03-15T09:04:55.391+0000][1.452s] GC(1) Pause Young (Normal) (G1 Evacuation Pause)
[2024-03-15T09:04:55.392+0000][1.452s] GC(1) Using 10 workers of 10 for evacuation
[2024-03-15T09:04:55.399+0000][1.459s] GC(1)   Pre Evacuate Collection Set: 0.2ms
[2024-03-15T09:04:55.399+0000][1.459s] GC(1)   Merge Heap Roots: 0.3ms
[2024-03-15T09:04:55.399+0000][1.460s] GC(1)   Evacuate Collection Set: 5.2ms
[2024-03-15T09:04:55.400+0000][1.460s] GC(1)   Post Evacuate Collection Set: 1.0ms
[2024-03-15T09:04:55.400+0000][1.460s] GC(1)   Other: 0.7ms
[2024-03-15T09:04:55.400+0000][1.460s] GC(1) Eden regions: 56->0(75)
[2024-03-15T09:04:55.400+0000][1.460s] GC(1) Survivor regions: 4->8(8)
[2024-03-15T09:04:55.400+0000][1.461s] GC(1) Old regions: 1->10
[2024-03-15T09:04:55.401+0000][1.461s] GC(1) Archive regions: 2->2
[2024-03-15T09:04:55.401+0000][1.461s] GC(1) Humongous regions: 4->4
[2024-03-15T09:04:55.401+0000][1.461s] GC(1) Metaspace: 17919K(18176K)->17919K(18176K) NonClass: 15702K(15872K)->15702K(15872K) Class: 2216K(2304K)->2216K(2304K)
[2024-03-15T09:04:55.401+0000][1.461s] GC(1) Pause Young (Normal) (G1 Evacuation Pause) 65M->21M(512M) 9.676ms
[2024-03-15T09:04:55.401+0000][1.461s] GC(1) User=0.07s Sys=0.00s Real=0.01s
[2024-03-15T09:04:55.695+0000][1.755s] GC(2) Pause Young (Concurrent Start) (Metadata GC Threshold)
[2024-03-15T09:04:55.696+0000][1.756s] GC(2) Using 10 workers of 10 for evacuation
[2024-03-15T09:04:55.702+0000][1.762s] GC(2)   Pre Evacuate Collection Set: 0.4ms
[2024-03-15T09:04:55.703+0000][1.763s] GC(2)   Merge Heap Roots: 0.2ms
[2024-03-15T09:04:55.703+0000][1.763s] GC(2)   Evacuate Collection Set: 3.8ms
[2024-03-15T09:04:55.703+0000][1.763s] GC(2)   Post Evacuate Collection Set: 1.3ms
[2024-03-15T09:04:55.704+0000][1.764s] GC(2)   Other: 1.1ms
[2024-03-15T09:04:55.704+0000][1.764s] GC(2) Eden regions: 30->0(87)
[2024-03-15T09:04:55.704+0000][1.764s] GC(2) Survivor regions: 8->8(11)
[2024-03-15T09:04:55.704+0000][1.765s] GC(2) Old regions: 10->13
[2024-03-15T09:04:55.705+0000][1.765s] GC(2) Archive regions: 2->2
[2024-03-15T09:04:55.705+0000][1.765s] GC(2) Humongous regions: 4->4
[2024-03-15T09:04:55.705+0000][1.766s] GC(2) Metaspace: 21173K(21504K)->21173K(21504K) NonClass: 18555K(18688K)->18555K(18688K) Class: 2618K(2816K)->2618K(2816K)
[2024-03-15T09:04:55.706+0000][1.766s] GC(2) Pause Young (Concurrent Start) (Metadata GC Threshold) 51M->24M(512M) 10.466ms
[2024-03-15T09:04:55.706+0000][1.766s] GC(2) User=0.05s Sys=0.00s Real=0.01s
[2024-03-15T09:04:55.706+0000][1.766s] GC(3) Concurrent Mark Cycle
[2024-03-15T09:04:55.707+0000][1.767s] GC(3) Concurrent Clear Claimed Marks
[2024-03-15T09:04:55.707+0000][1.767s] GC(3) Concurrent Clear Claimed Marks 0.316ms
[2024-03-15T09:04:55.707+0000][1.767s] GC(3) Concurrent Scan Root Regions
[2024-03-15T09:04:55.710+0000][1.770s] GC(3) Concurrent Scan Root Regions 2.622ms
[2024-03-15T09:04:55.710+0000][1.770s] GC(3) Concurrent Mark
[2024-03-15T09:04:55.710+0000][1.770s] GC(3) Concurrent Mark From Roots
[2024-03-15T09:04:55.711+0000][1.771s] GC(3) Using 3 workers of 3 for marking
[2024-03-15T09:04:55.718+0000][1.778s] GC(3) Concurrent Mark From Roots 7.290ms
[2024-03-15T09:04:55.718+0000][1.778s] GC(3) Concurrent Preclean
[2024-03-15T09:04:55.719+0000][1.779s] GC(3) Concurrent Preclean 0.436ms
[2024-03-15T09:04:55.719+0000][1.779s] GC(3) Pause Remark
[2024-03-15T09:04:55.722+0000][1.782s] GC(3) Pause Remark 25M->25M(512M) 2.970ms
[2024-03-15T09:04:55.722+0000][1.783s] GC(3) User=0.01s Sys=0.00s Real=0.00s
[2024-03-15T09:04:55.723+0000][1.783s] GC(3) Concurrent Mark 12.772ms
[2024-03-15T09:04:55.723+0000][1.783s] GC(3) Concurrent Rebuild Remembered Sets
[2024-03-15T09:04:55.728+0000][1.788s] GC(3) Concurrent Rebuild Remembered Sets 4.952ms
[2024-03-15T09:04:55.729+0000][1.789s] GC(3) Pause Cleanup
[2024-03-15T09:04:55.730+0000][1.790s] GC(3) Pause Cleanup 26M->26M(512M) 0.689ms
[2024-03-15T09:04:55.730+0000][1.790s] GC(3) User=0.00s Sys=0.00s Real=0.00s
[2024-03-15T09:04:55.731+0000][1.791s] GC(3) Concurrent Cleanup for Next Mark
[2024-03-15T09:04:55.731+0000][1.791s] GC(3) Concurrent Cleanup for Next Mark 0.694ms
[2024-03-15T09:04:55.732+0000][1.792s] GC(3) Concurrent Mark Cycle 25.387ms
[2024-03-15T09:04:56.921+0000][2.981s] GC(4) Pause Young (Prepare Mixed) (G1 Evacuation Pause)
[2024-03-15T09:04:56.921+0000][2.981s] GC(4) Using 10 workers of 10 for evacuation
[2024-03-15T09:04:56.928+0000][2.988s] GC(4)   Pre Evacuate Collection Set: 0.3ms
[2024-03-15T09:04:56.928+0000][2.988s] GC(4)   Merge Heap Roots: 0.2ms
[2024-03-15T09:04:56.929+0000][2.989s] GC(4)   Evacuate Collection Set: 4.5ms
[2024-03-15T09:04:56.929+0000][2.989s] GC(4)   Post Evacuate Collection Set: 1.6ms
[2024-03-15T09:04:56.929+0000][2.989s] GC(4)   Other: 0.6ms
[2024-03-15T09:04:56.929+0000][2.989s] GC(4) Eden regions: 87->0(17)
[2024-03-15T09:04:56.929+0000][2.990s] GC(4) Survivor regions: 8->8(12)
[2024-03-15T09:04:56.930+0000][2.990s] GC(4) Old regions: 13->18
[2024-03-15T09:04:56.930+0000][2.990s] GC(4) Archive regions: 2->2
[2024-03-15T09:04:56.930+0000][2.990s] GC(4) Humongous regions: 4->4
[2024-03-15T09:04:56.930+0000][2.990s] GC(4) Metaspace: 34377K(34752K)->34377K(34752K) NonClass: 30069K(30272K)->30069K(30272K) Class: 4308K(4480K)->4308K(4480K)
[2024-03-15T09:04:56.930+0000][2.990s] GC(4) Pause Young (Prepare Mixed) (G1 Evacuation Pause) 111M->29M(512M) 9.498ms
[2024-03-15T09:04:56.930+0000][2.991s] GC(4) User=0.07s Sys=0.00s Real=0.01s
[2024-03-15T09:04:57.167+0000][3.227s] GC(5) Pause Young (Mixed) (Metadata GC Threshold)
[2024-03-15T09:04:57.167+0000][3.228s] GC(5) Using 10 workers of 10 for evacuation
[2024-03-15T09:04:57.172+0000][3.232s] GC(5)   Pre Evacuate Collection Set: 0.2ms
[2024-03-15T09:04:57.172+0000][3.232s] GC(5)   Merge Heap Roots: 0.2ms
[2024-03-15T09:04:57.173+0000][3.233s] GC(5)   Evacuate Collection Set: 3.1ms
[2024-03-15T09:04:57.173+0000][3.233s] GC(5)   Post Evacuate Collection Set: 0.9ms
[2024-03-15T09:04:57.173+0000][3.234s] GC(5)   Other: 0.6ms
[2024-03-15T09:04:57.174+0000][3.234s] GC(5) Eden regions: 14->0(305)
[2024-03-15T09:04:57.175+0000][3.235s] GC(5) Survivor regions: 8->2(4)
[2024-03-15T09:04:57.175+0000][3.235s] GC(5) Old regions: 18->25
[2024-03-15T09:04:57.175+0000][3.235s] GC(5) Archive regions: 2->2
[2024-03-15T09:04:57.175+0000][3.235s] GC(5) Humongous regions: 4->4
[2024-03-15T09:04:57.175+0000][3.236s] GC(5) Metaspace: 35735K(36160K)->35735K(36160K) NonClass: 31241K(31424K)->31241K(31424K) Class: 4494K(4736K)->4494K(4736K)
[2024-03-15T09:04:57.176+0000][3.236s] GC(5) Pause Young (Mixed) (Metadata GC Threshold) 43M->30M(512M) 8.602ms
[2024-03-15T09:04:57.176+0000][3.236s] GC(5) User=0.05s Sys=0.00s Real=0.01s
[2024-03-15T09:04:57.189+0000][3.249s] GC(6) Pause Young (Concurrent Start) (Metadata GC Threshold)
[2024-03-15T09:04:57.189+0000][3.249s] GC(6) Using 10 workers of 10 for evacuation
[2024-03-15T09:04:57.191+0000][3.251s] GC(6)   Pre Evacuate Collection Set: 0.2ms
[2024-03-15T09:04:57.191+0000][3.252s] GC(6)   Merge Heap Roots: 0.2ms
[2024-03-15T09:04:57.192+0000][3.252s] GC(6)   Evacuate Collection Set: 1.1ms
[2024-03-15T09:04:57.192+0000][3.252s] GC(6)   Post Evacuate Collection Set: 0.6ms
[2024-03-15T09:04:57.192+0000][3.252s] GC(6)   Other: 0.5ms
[2024-03-15T09:04:57.192+0000][3.252s] GC(6) Eden regions: 3->0(306)
[2024-03-15T09:04:57.193+0000][3.253s] GC(6) Survivor regions: 2->1(39)
[2024-03-15T09:04:57.193+0000][3.253s] GC(6) Old regions: 25->25
[2024-03-15T09:04:57.193+0000][3.253s] GC(6) Archive regions: 2->2
[2024-03-15T09:04:57.193+0000][3.253s] GC(6) Humongous regions: 4->4
[2024-03-15T09:04:57.193+0000][3.254s] GC(6) Metaspace: 36086K(36480K)->36086K(36480K) NonClass: 31552K(31744K)->31552K(31744K) Class: 4534K(4736K)->4534K(4736K)
[2024-03-15T09:04:57.194+0000][3.254s] GC(6) Pause Young (Concurrent Start) (Metadata GC Threshold) 33M->30M(512M) 4.939ms
[2024-03-15T09:04:57.194+0000][3.254s] GC(6) User=0.01s Sys=0.00s Real=0.00s
[2024-03-15T09:04:57.194+0000][3.254s] GC(7) Concurrent Mark Cycle
[2024-03-15T09:04:57.194+0000][3.254s] GC(7) Concurrent Clear Claimed Marks
[2024-03-15T09:04:57.194+0000][3.255s] GC(7) Concurrent Clear Claimed Marks 0.240ms
[2024-03-15T09:04:57.195+0000][3.255s] GC(7) Concurrent Scan Root Regions
[2024-03-15T09:04:57.196+0000][3.256s] GC(7) Concurrent Scan Root Regions 1.226ms
[2024-03-15T09:04:57.196+0000][3.256s] GC(7) Concurrent Mark
[2024-03-15T09:04:57.196+0000][3.257s] GC(7) Concurrent Mark From Roots
[2024-03-15T09:04:57.197+0000][3.257s] GC(7) Using 3 workers of 3 for marking
[2024-03-15T09:04:57.214+0000][3.274s] GC(7) Concurrent Mark From Roots 17.420ms
[2024-03-15T09:04:57.214+0000][3.274s] GC(7) Concurrent Preclean
[2024-03-15T09:04:57.215+0000][3.275s] GC(7) Concurrent Preclean 0.658ms
[2024-03-15T09:04:57.215+0000][3.276s] GC(7) Pause Remark
[2024-03-15T09:04:57.219+0000][3.279s] GC(7) Pause Remark 32M->32M(512M) 3.389ms
[2024-03-15T09:04:57.219+0000][3.279s] GC(7) User=0.01s Sys=0.01s Real=0.00s
[2024-03-15T09:04:57.220+0000][3.280s] GC(7) Concurrent Mark 23.335ms
[2024-03-15T09:04:57.220+0000][3.280s] GC(7) Concurrent Rebuild Remembered Sets
[2024-03-15T09:04:57.231+0000][3.292s] GC(7) Concurrent Rebuild Remembered Sets 11.655ms
[2024-03-15T09:04:57.232+0000][3.292s] GC(7) Pause Cleanup
[2024-03-15T09:04:57.233+0000][3.293s] GC(7) Pause Cleanup 33M->33M(512M) 0.635ms
[2024-03-15T09:04:57.233+0000][3.293s] GC(7) User=0.00s Sys=0.00s Real=0.00s
[2024-03-15T09:04:57.234+0000][3.294s] GC(7) Concurrent Cleanup for Next Mark
[2024-03-15T09:04:57.235+0000][3.295s] GC(7) Concurrent Cleanup for Next Mark 1.205ms
[2024-03-15T09:04:57.236+0000][3.296s] GC(7) Concurrent Mark Cycle 42.258ms
[2024-03-15T09:06:44.301+0000][110.361s] Heap
[2024-03-15T09:06:44.301+0000][110.361s]  garbage-first heap   total 524288K, used 269411K [0x00000000e0000000, 0x0000000100000000)
[2024-03-15T09:06:44.301+0000][110.361s]   region size 1024K, 235 young (240640K), 1 survivors (1024K)
[2024-03-15T09:06:44.302+0000][110.362s]  Metaspace       used 55065K, committed 55616K, reserved 1114112K
[2024-03-15T09:06:44.302+0000][110.362s]   class space    used 7153K, committed 7424K, reserved 1048576K
