[2024-03-15T07:29:46.559+0000][0.063s] Using G1
[2024-03-15T07:29:46.611+0000][0.115s] Version: 17.0.10+7 (release)
[2024-03-15T07:29:46.611+0000][0.116s] CPUs: 12 total, 12 available
[2024-03-15T07:29:46.612+0000][0.116s] Memory: 7875M
[2024-03-15T07:29:46.612+0000][0.116s] Large Page Support: Disabled
[2024-03-15T07:29:46.612+0000][0.117s] NUMA Support: Disabled
[2024-03-15T07:29:46.612+0000][0.117s] Compressed Oops: Enabled (32-bit)
[2024-03-15T07:29:46.613+0000][0.117s] Heap Region Size: 1M
[2024-03-15T07:29:46.613+0000][0.117s] Heap Min Capacity: 512M
[2024-03-15T07:29:46.613+0000][0.117s] Heap Initial Capacity: 512M
[2024-03-15T07:29:46.614+0000][0.119s] Heap Max Capacity: 512M
[2024-03-15T07:29:46.614+0000][0.119s] Pre-touch: Enabled
[2024-03-15T07:29:46.615+0000][0.119s] Parallel Workers: 10
[2024-03-15T07:29:46.615+0000][0.119s] Concurrent Workers: 3
[2024-03-15T07:29:46.615+0000][0.119s] Concurrent Refinement Workers: 10
[2024-03-15T07:29:46.615+0000][0.119s] Periodic GC: Disabled
[2024-03-15T07:29:46.620+0000][0.125s] CDS archive(s) mapped at: [0x00007fa3bf000000-0x00007fa3bfa5f000-0x00007fa3bfa5f000), size 10874880, SharedBaseAddress: 0x00007fa3bf000000, ArchiveRelocationMode: 1.
[2024-03-15T07:29:46.621+0000][0.125s] Compressed class space mapped at: 0x00007fa3c0000000-0x00007fa400000000, reserved size: 1073741824
[2024-03-15T07:29:46.621+0000][0.125s] Narrow klass base: 0x00007fa3bf000000, Narrow klass shift: 0, Narrow klass range: 0x100000000
[2024-03-15T07:29:47.488+0000][0.992s] GC(0) Pause Young (Normal) (G1 Evacuation Pause)
[2024-03-15T07:29:47.488+0000][0.993s] GC(0) Using 10 workers of 10 for evacuation
[2024-03-15T07:29:47.492+0000][0.996s] GC(0)   Pre Evacuate Collection Set: 0.2ms
[2024-03-15T07:29:47.492+0000][0.996s] GC(0)   Merge Heap Roots: 0.2ms
[2024-03-15T07:29:47.492+0000][0.997s] GC(0)   Evacuate Collection Set: 2.2ms
[2024-03-15T07:29:47.493+0000][0.997s] GC(0)   Post Evacuate Collection Set: 0.7ms
[2024-03-15T07:29:47.493+0000][0.997s] GC(0)   Other: 0.5ms
[2024-03-15T07:29:47.493+0000][0.997s] GC(0) Eden regions: 29->0(58)
[2024-03-15T07:29:47.493+0000][0.998s] GC(0) Survivor regions: 0->4(4)
[2024-03-15T07:29:47.493+0000][0.998s] GC(0) Old regions: 0->1
[2024-03-15T07:29:47.494+0000][0.998s] GC(0) Archive regions: 2->2
[2024-03-15T07:29:47.494+0000][0.998s] GC(0) Humongous regions: 0->0
[2024-03-15T07:29:47.494+0000][0.998s] GC(0) Metaspace: 9897K(10112K)->9897K(10112K) NonClass: 8678K(8768K)->8678K(8768K) Class: 1218K(1344K)->1218K(1344K)
[2024-03-15T07:29:47.494+0000][0.999s] GC(0) Pause Young (Normal) (G1 Evacuation Pause) 29M->5M(512M) 6.401ms
[2024-03-15T07:29:47.495+0000][0.999s] GC(0) User=0.02s Sys=0.00s Real=0.00s
[2024-03-15T07:29:48.143+0000][1.647s] GC(1) Pause Young (Normal) (G1 Evacuation Pause)
[2024-03-15T07:29:48.143+0000][1.648s] GC(1) Using 10 workers of 10 for evacuation
[2024-03-15T07:29:48.150+0000][1.654s] GC(1)   Pre Evacuate Collection Set: 0.2ms
[2024-03-15T07:29:48.150+0000][1.654s] GC(1)   Merge Heap Roots: 0.2ms
[2024-03-15T07:29:48.150+0000][1.654s] GC(1)   Evacuate Collection Set: 5.0ms
[2024-03-15T07:29:48.150+0000][1.655s] GC(1)   Post Evacuate Collection Set: 0.8ms
[2024-03-15T07:29:48.150+0000][1.655s] GC(1)   Other: 0.5ms
[2024-03-15T07:29:48.151+0000][1.655s] GC(1) Eden regions: 56->0(178)
[2024-03-15T07:29:48.151+0000][1.655s] GC(1) Survivor regions: 4->8(8)
[2024-03-15T07:29:48.151+0000][1.655s] GC(1) Old regions: 1->9
[2024-03-15T07:29:48.151+0000][1.655s] GC(1) Archive regions: 2->2
[2024-03-15T07:29:48.151+0000][1.656s] GC(1) Humongous regions: 4->4
[2024-03-15T07:29:48.152+0000][1.656s] GC(1) Metaspace: 17933K(18240K)->17933K(18240K) NonClass: 15717K(15936K)->15717K(15936K) Class: 2215K(2304K)->2215K(2304K)
[2024-03-15T07:29:48.152+0000][1.656s] GC(1) Pause Young (Normal) (G1 Evacuation Pause) 65M->21M(512M) 8.663ms
[2024-03-15T07:29:48.152+0000][1.656s] GC(1) User=0.07s Sys=0.00s Real=0.01s
[2024-03-15T07:29:48.414+0000][1.918s] GC(2) Pause Young (Concurrent Start) (Metadata GC Threshold)
[2024-03-15T07:29:48.414+0000][1.919s] GC(2) Using 10 workers of 10 for evacuation
[2024-03-15T07:29:48.419+0000][1.924s] GC(2)   Pre Evacuate Collection Set: 0.2ms
[2024-03-15T07:29:48.420+0000][1.924s] GC(2)   Merge Heap Roots: 0.2ms
[2024-03-15T07:29:48.420+0000][1.924s] GC(2)   Evacuate Collection Set: 3.1ms
[2024-03-15T07:29:48.420+0000][1.925s] GC(2)   Post Evacuate Collection Set: 0.9ms
[2024-03-15T07:29:48.420+0000][1.925s] GC(2)   Other: 0.8ms
[2024-03-15T07:29:48.421+0000][1.925s] GC(2) Eden regions: 32->0(107)
[2024-03-15T07:29:48.421+0000][1.925s] GC(2) Survivor regions: 8->10(24)
[2024-03-15T07:29:48.421+0000][1.926s] GC(2) Old regions: 9->9
[2024-03-15T07:29:48.422+0000][1.926s] GC(2) Archive regions: 2->2
[2024-03-15T07:29:48.422+0000][1.926s] GC(2) Humongous regions: 4->4
[2024-03-15T07:29:48.422+0000][1.927s] GC(2) Metaspace: 21186K(21504K)->21186K(21504K) NonClass: 18569K(18688K)->18569K(18688K) Class: 2617K(2816K)->2617K(2816K)
[2024-03-15T07:29:48.422+0000][1.927s] GC(2) Pause Young (Concurrent Start) (Metadata GC Threshold) 52M->23M(512M) 8.290ms
[2024-03-15T07:29:48.423+0000][1.927s] GC(2) User=0.05s Sys=0.00s Real=0.01s
[2024-03-15T07:29:48.423+0000][1.927s] GC(3) Concurrent Mark Cycle
[2024-03-15T07:29:48.423+0000][1.928s] GC(3) Concurrent Clear Claimed Marks
[2024-03-15T07:29:48.423+0000][1.928s] GC(3) Concurrent Clear Claimed Marks 0.236ms
[2024-03-15T07:29:48.424+0000][1.928s] GC(3) Concurrent Scan Root Regions
[2024-03-15T07:29:48.426+0000][1.930s] GC(3) Concurrent Scan Root Regions 1.950ms
[2024-03-15T07:29:48.426+0000][1.930s] GC(3) Concurrent Mark
[2024-03-15T07:29:48.426+0000][1.930s] GC(3) Concurrent Mark From Roots
[2024-03-15T07:29:48.426+0000][1.931s] GC(3) Using 3 workers of 3 for marking
[2024-03-15T07:29:48.433+0000][1.937s] GC(3) Concurrent Mark From Roots 6.480ms
[2024-03-15T07:29:48.433+0000][1.937s] GC(3) Concurrent Preclean
[2024-03-15T07:29:48.433+0000][1.937s] GC(3) Concurrent Preclean 0.356ms
[2024-03-15T07:29:48.433+0000][1.938s] GC(3) Pause Remark
[2024-03-15T07:29:48.436+0000][1.940s] GC(3) Pause Remark 24M->24M(512M) 2.425ms
[2024-03-15T07:29:48.436+0000][1.941s] GC(3) User=0.01s Sys=0.00s Real=0.00s
[2024-03-15T07:29:48.437+0000][1.941s] GC(3) Concurrent Mark 10.715ms
[2024-03-15T07:29:48.437+0000][1.941s] GC(3) Concurrent Rebuild Remembered Sets
[2024-03-15T07:29:48.439+0000][1.944s] GC(3) Concurrent Rebuild Remembered Sets 2.517ms
[2024-03-15T07:29:48.440+0000][1.944s] GC(3) Pause Cleanup
[2024-03-15T07:29:48.440+0000][1.944s] GC(3) Pause Cleanup 24M->24M(512M) 0.551ms
[2024-03-15T07:29:48.440+0000][1.945s] GC(3) User=0.00s Sys=0.00s Real=0.00s
[2024-03-15T07:29:48.441+0000][1.945s] GC(3) Concurrent Cleanup for Next Mark
[2024-03-15T07:29:48.443+0000][1.947s] GC(3) Concurrent Cleanup for Next Mark 1.965ms
[2024-03-15T07:29:48.443+0000][1.947s] GC(3) Concurrent Mark Cycle 20.171ms
[2024-03-15T07:29:49.770+0000][3.275s] GC(4) Pause Young (Concurrent Start) (Metadata GC Threshold)
[2024-03-15T07:29:49.771+0000][3.275s] GC(4) Using 10 workers of 10 for evacuation
[2024-03-15T07:29:49.784+0000][3.288s] GC(4)   Pre Evacuate Collection Set: 0.5ms
[2024-03-15T07:29:49.785+0000][3.289s] GC(4)   Merge Heap Roots: 0.2ms
[2024-03-15T07:29:49.785+0000][3.289s] GC(4)   Evacuate Collection Set: 8.1ms
[2024-03-15T07:29:49.785+0000][3.290s] GC(4)   Post Evacuate Collection Set: 3.4ms
[2024-03-15T07:29:49.786+0000][3.290s] GC(4)   Other: 1.3ms
[2024-03-15T07:29:49.786+0000][3.290s] GC(4) Eden regions: 109->0(294)
[2024-03-15T07:29:49.786+0000][3.291s] GC(4) Survivor regions: 10->13(16)
[2024-03-15T07:29:49.787+0000][3.291s] GC(4) Old regions: 9->12
[2024-03-15T07:29:49.787+0000][3.291s] GC(4) Archive regions: 2->2
[2024-03-15T07:29:49.787+0000][3.292s] GC(4) Humongous regions: 4->4
[2024-03-15T07:29:49.788+0000][3.292s] GC(4) Metaspace: 35933K(36288K)->35933K(36288K) NonClass: 31413K(31552K)->31413K(31552K) Class: 4519K(4736K)->4519K(4736K)
[2024-03-15T07:29:49.788+0000][3.292s] GC(4) Pause Young (Concurrent Start) (Metadata GC Threshold) 132M->29M(512M) 17.774ms
[2024-03-15T07:29:49.788+0000][3.293s] GC(4) User=0.11s Sys=0.00s Real=0.02s
[2024-03-15T07:29:49.789+0000][3.294s] GC(5) Concurrent Mark Cycle
[2024-03-15T07:29:49.790+0000][3.294s] GC(5) Concurrent Clear Claimed Marks
[2024-03-15T07:29:49.790+0000][3.295s] GC(5) Concurrent Clear Claimed Marks 0.577ms
[2024-03-15T07:29:49.791+0000][3.295s] GC(5) Concurrent Scan Root Regions
[2024-03-15T07:29:49.799+0000][3.304s] GC(5) Concurrent Scan Root Regions 8.650ms
[2024-03-15T07:29:49.800+0000][3.304s] GC(5) Concurrent Mark
[2024-03-15T07:29:49.800+0000][3.304s] GC(5) Concurrent Mark From Roots
[2024-03-15T07:29:49.800+0000][3.304s] GC(5) Using 3 workers of 3 for marking
[2024-03-15T07:29:49.806+0000][3.310s] GC(5) Concurrent Mark From Roots 5.879ms
[2024-03-15T07:29:49.806+0000][3.311s] GC(5) Concurrent Preclean
[2024-03-15T07:29:49.807+0000][3.311s] GC(5) Concurrent Preclean 0.349ms
[2024-03-15T07:29:49.807+0000][3.311s] GC(5) Pause Remark
[2024-03-15T07:29:49.810+0000][3.314s] GC(5) Pause Remark 32M->32M(512M) 2.767ms
[2024-03-15T07:29:49.810+0000][3.315s] GC(5) User=0.01s Sys=0.00s Real=0.00s
[2024-03-15T07:29:49.811+0000][3.315s] GC(5) Concurrent Mark 10.999ms
[2024-03-15T07:29:49.811+0000][3.315s] GC(5) Concurrent Rebuild Remembered Sets
[2024-03-15T07:29:49.816+0000][3.320s] GC(5) Concurrent Rebuild Remembered Sets 4.902ms
[2024-03-15T07:29:49.818+0000][3.322s] GC(5) Pause Cleanup
[2024-03-15T07:29:49.819+0000][3.323s] GC(5) Pause Cleanup 33M->33M(512M) 1.307ms
[2024-03-15T07:29:49.820+0000][3.324s] GC(5) User=0.00s Sys=0.00s Real=0.00s
[2024-03-15T07:29:49.820+0000][3.324s] GC(5) Concurrent Cleanup for Next Mark
[2024-03-15T07:29:49.822+0000][3.326s] GC(5) Concurrent Cleanup for Next Mark 2.043ms
[2024-03-15T07:29:49.823+0000][3.327s] GC(5) Concurrent Mark Cycle 33.693ms
[2024-03-15T07:41:03.435+0000][676.939s] Heap
[2024-03-15T07:41:03.435+0000][676.939s]  garbage-first heap   total 524288K, used 306819K [0x00000000e0000000, 0x0000000100000000)
[2024-03-15T07:41:03.436+0000][676.940s]   region size 1024K, 283 young (289792K), 13 survivors (13312K)
[2024-03-15T07:41:03.436+0000][676.940s]  Metaspace       used 55782K, committed 56320K, reserved 1114112K
[2024-03-15T07:41:03.436+0000][676.940s]   class space    used 7168K, committed 7424K, reserved 1048576K
